I'm sorry, but errors were detected in your script. Please correct the
errors listed below, and try again.


File "game/script.rpy", line 94: expected '=' not found.
    image gubernurnormal
                        ^

Ren'Py Version: Ren'Py 8.3.2.24090902
Wed Dec  4 15:35:45 2024
